Archive member included to satisfy reference by file (symbol)

c:/st/stm32cubeide_1.12.1/stm32cubeide/plugins/com.st.stm32cube.ide.mcu.externaltools.gnu-tools-for-stm32.10.3-2021.10.win32_1.0.200.202301161003/tools/bin/../lib/gcc/arm-none-eabi/10.3.1/../../../../arm-none-eabi/lib/thumb/v7-m/nofp\libc_nano.a(lib_a-errno.o)
                              ./Core/Src/syscalls.o (__errno)
c:/st/stm32cubeide_1.12.1/stm32cubeide/plugins/com.st.stm32cube.ide.mcu.externaltools.gnu-tools-for-stm32.10.3-2021.10.win32_1.0.200.202301161003/tools/bin/../lib/gcc/arm-none-eabi/10.3.1/../../../../arm-none-eabi/lib/thumb/v7-m/nofp\libc_nano.a(lib_a-exit.o)
                              c:/st/stm32cubeide_1.12.1/stm32cubeide/plugins/com.st.stm32cube.ide.mcu.externaltools.gnu-tools-for-stm32.10.3-2021.10.win32_1.0.200.202301161003/tools/bin/../lib/gcc/arm-none-eabi/10.3.1/../../../../arm-none-eabi/lib/thumb/v7-m/nofp/crt0.o (exit)
c:/st/stm32cubeide_1.12.1/stm32cubeide/plugins/com.st.stm32cube.ide.mcu.externaltools.gnu-tools-for-stm32.10.3-2021.10.win32_1.0.200.202301161003/tools/bin/../lib/gcc/arm-none-eabi/10.3.1/../../../../arm-none-eabi/lib/thumb/v7-m/nofp\libc_nano.a(lib_a-impure.o)
                              c:/st/stm32cubeide_1.12.1/stm32cubeide/plugins/com.st.stm32cube.ide.mcu.externaltools.gnu-tools-for-stm32.10.3-2021.10.win32_1.0.200.202301161003/tools/bin/../lib/gcc/arm-none-eabi/10.3.1/../../../../arm-none-eabi/lib/thumb/v7-m/nofp\libc_nano.a(lib_a-exit.o) (_global_impure_ptr)
c:/st/stm32cubeide_1.12.1/stm32cubeide/plugins/com.st.stm32cube.ide.mcu.externaltools.gnu-tools-for-stm32.10.3-2021.10.win32_1.0.200.202301161003/tools/bin/../lib/gcc/arm-none-eabi/10.3.1/../../../../arm-none-eabi/lib/thumb/v7-m/nofp\libc_nano.a(lib_a-init.o)
                              c:/st/stm32cubeide_1.12.1/stm32cubeide/plugins/com.st.stm32cube.ide.mcu.externaltools.gnu-tools-for-stm32.10.3-2021.10.win32_1.0.200.202301161003/tools/bin/../lib/gcc/arm-none-eabi/10.3.1/../../../../arm-none-eabi/lib/thumb/v7-m/nofp/crt0.o (__libc_init_array)
c:/st/stm32cubeide_1.12.1/stm32cubeide/plugins/com.st.stm32cube.ide.mcu.externaltools.gnu-tools-for-stm32.10.3-2021.10.win32_1.0.200.202301161003/tools/bin/../lib/gcc/arm-none-eabi/10.3.1/../../../../arm-none-eabi/lib/thumb/v7-m/nofp\libc_nano.a(lib_a-malloc.o)
                              ./Core/Src/main.o (malloc)
c:/st/stm32cubeide_1.12.1/stm32cubeide/plugins/com.st.stm32cube.ide.mcu.externaltools.gnu-tools-for-stm32.10.3-2021.10.win32_1.0.200.202301161003/tools/bin/../lib/gcc/arm-none-eabi/10.3.1/../../../../arm-none-eabi/lib/thumb/v7-m/nofp\libc_nano.a(lib_a-memset.o)
                              c:/st/stm32cubeide_1.12.1/stm32cubeide/plugins/com.st.stm32cube.ide.mcu.externaltools.gnu-tools-for-stm32.10.3-2021.10.win32_1.0.200.202301161003/tools/bin/../lib/gcc/arm-none-eabi/10.3.1/../../../../arm-none-eabi/lib/thumb/v7-m/nofp/crt0.o (memset)
c:/st/stm32cubeide_1.12.1/stm32cubeide/plugins/com.st.stm32cube.ide.mcu.externaltools.gnu-tools-for-stm32.10.3-2021.10.win32_1.0.200.202301161003/tools/bin/../lib/gcc/arm-none-eabi/10.3.1/../../../../arm-none-eabi/lib/thumb/v7-m/nofp\libc_nano.a(lib_a-nano-freer.o)
                              c:/st/stm32cubeide_1.12.1/stm32cubeide/plugins/com.st.stm32cube.ide.mcu.externaltools.gnu-tools-for-stm32.10.3-2021.10.win32_1.0.200.202301161003/tools/bin/../lib/gcc/arm-none-eabi/10.3.1/../../../../arm-none-eabi/lib/thumb/v7-m/nofp\libc_nano.a(lib_a-malloc.o) (_free_r)
c:/st/stm32cubeide_1.12.1/stm32cubeide/plugins/com.st.stm32cube.ide.mcu.externaltools.gnu-tools-for-stm32.10.3-2021.10.win32_1.0.200.202301161003/tools/bin/../lib/gcc/arm-none-eabi/10.3.1/../../../../arm-none-eabi/lib/thumb/v7-m/nofp\libc_nano.a(lib_a-nano-mallocr.o)
                              c:/st/stm32cubeide_1.12.1/stm32cubeide/plugins/com.st.stm32cube.ide.mcu.externaltools.gnu-tools-for-stm32.10.3-2021.10.win32_1.0.200.202301161003/tools/bin/../lib/gcc/arm-none-eabi/10.3.1/../../../../arm-none-eabi/lib/thumb/v7-m/nofp\libc_nano.a(lib_a-malloc.o) (_malloc_r)
c:/st/stm32cubeide_1.12.1/stm32cubeide/plugins/com.st.stm32cube.ide.mcu.externaltools.gnu-tools-for-stm32.10.3-2021.10.win32_1.0.200.202301161003/tools/bin/../lib/gcc/arm-none-eabi/10.3.1/../../../../arm-none-eabi/lib/thumb/v7-m/nofp\libc_nano.a(lib_a-sbrkr.o)
                              c:/st/stm32cubeide_1.12.1/stm32cubeide/plugins/com.st.stm32cube.ide.mcu.externaltools.gnu-tools-for-stm32.10.3-2021.10.win32_1.0.200.202301161003/tools/bin/../lib/gcc/arm-none-eabi/10.3.1/../../../../arm-none-eabi/lib/thumb/v7-m/nofp\libc_nano.a(lib_a-nano-mallocr.o) (_sbrk_r)
c:/st/stm32cubeide_1.12.1/stm32cubeide/plugins/com.st.stm32cube.ide.mcu.externaltools.gnu-tools-for-stm32.10.3-2021.10.win32_1.0.200.202301161003/tools/bin/../lib/gcc/arm-none-eabi/10.3.1/../../../../arm-none-eabi/lib/thumb/v7-m/nofp\libc_nano.a(lib_a-mlock.o)
[...]
Memory Configuration

Name             Origin             Length             Attributes
RAM              0x0000000020000000 0x0000000000005000 xrw
FLASH            0x0000000008000000 0x0000000000010000 xr
*default*        0x0000000000000000 0xffffffffffffffff

Linker script and memory map

LOAD c:/st/stm32cubeide_1.12.1/stm32cubeide/plugins/com.st.stm32cube.ide.mcu.externaltools.gnu-tools-for-stm32.10.3-2021.10.win32_1.0.200.202301161003/tools/bin/../lib/gcc/arm-none-eabi/10.3.1/thumb/v7-m/nofp/crti.o
LOAD c:/st/stm32cubeide_1.12.1/stm32cubeide/plugins/com.st.stm32cube.ide.mcu.externaltools.gnu-tools-for-stm32.10.3-2021.10.win32_1.0.200.202301161003/tools/bin/../lib/gcc/arm-none-eabi/10.3.1/thumb/v7-m/nofp/crtbegin.o
LOAD c:/st/stm32cubeide_1.12.1/stm32cubeide/plugins/com.st.stm32cube.ide.mcu.externaltools.gnu-tools-for-stm32.10.3-2021.10.win32_1.0.200.202301161003/tools/bin/../lib/gcc/arm-none-eabi/10.3.1/../../../../arm-none-eabi/lib/thumb/v7-m/nofp/crt0.o
LOAD ./Core/Inc/tsunami.o
LOAD ./Core/Src/GFX_FUNCTIONS.o
LOAD ./Core/Src/fatfs_sd.o
LOAD ./Core/Src/fonts.o
LOAD ./Core/Src/main.o
LOAD ./Core/Src/st7735.o
LOAD ./Core/Src/stm32f1xx_hal_msp.o
LOAD ./Core/Src/stm32f1xx_it.o
LOAD ./Core/Src/syscalls.o
LOAD ./Core/Src/sysmem.o
LOAD ./Core/Src/system_stm32f1xx.o
LOAD ./Core/Startup/startup_stm32f103c8tx.o
LOAD ./Drivers/STM32F1xx_HAL_Driver/Src/stm32f1xx_hal.o
LOAD ./Drivers/STM32F1xx_HAL_Driver/Src/stm32f1xx_hal_cortex.o
LOAD ./Drivers/STM32F1xx_HAL_Driver/Src/stm32f1xx_hal_dma.o
LOAD ./Drivers/STM32F1xx_HAL_Driver/Src/stm32f1xx_hal_exti.o
LOAD ./Drivers/STM32F1xx_HAL_Driver/Src/stm32f1xx_hal_flash.o
LOAD ./Drivers/STM32F1xx_HAL_Driver/Src/stm32f1xx_hal_flash_ex.o
LOAD ./Drivers/STM32F1xx_HAL_Driver/Src/stm32f1xx_hal_gpio.o
LOAD ./Drivers/STM32F1xx_HAL_Driver/Src/stm32f1xx_hal_gpio_ex.o
LOAD ./Drivers/STM32F1xx_HAL_Driver/Src/stm32f1xx_hal_pwr.o
LOAD ./Drivers/STM32F1xx_HAL_Driver/Src/stm32f1xx_hal_rcc.o
LOAD ./Drivers/STM32F1xx_HAL_Driver/Src/stm32f1xx_hal_rcc_ex.o
LOAD ./Drivers/STM32F1xx_HAL_Driver/Src/stm32f1xx_hal_spi.o
LOAD ./Drivers/STM32F1xx_HAL_Driver/Src/stm32f1xx_hal_tim.o
LOAD ./Drivers/STM32F1xx_HAL_Driver/Src/stm32f1xx_hal_tim_ex.o
LOAD ./FATFS/App/fatfs.o
LOAD ./FATFS/Target/user_diskio.o
LOAD ./Middlewares/Third_Party/FatFs/src/diskio.o
LOAD ./Middlewares/Third_Party/FatFs/src/ff.o
LOAD ./Middlewares/Third_Party/FatFs/src/ff_gen_drv.o
LOAD ./Middlewares/Third_Party/FatFs/src/option/ccsbcs.o
LOAD ./Middlewares/Third_Party/FatFs/src/option/syscall.o
START GROUP
LOAD c:/st/stm32cubeide_1.12.1/stm32cubeide/plugins/com.st.stm32cube.ide.mcu.externaltools.gnu-tools-for-stm32.10.3-2021.10.win32_1.0.200.202301161003/tools/bin/../lib/gcc/arm-none-eabi/10.3.1/../../../../arm-none-eabi/lib/thumb/v7-m/nofp\libc_nano.a
LOAD c:/st/stm32cubeide_1.12.1/stm32cubeide/plugins/com.st.stm32cube.ide.mcu.externaltools.gnu-tools-for-stm32.10.3-2021.10.win32_1.0.200.202301161003/tools/bin/../lib/gcc/arm-none-eabi/10.3.1/../../../../arm-none-eabi/lib/thumb/v7-m/nofp\libm.a
END GROUP
START GROUP
LOAD c:/st/stm32cubeide_1.12.1/stm32cubeide/plugins/com.st.stm32cube.ide.mcu.externaltools.gnu-tools-for-stm32.10.3-2021.10.win32_1.0.200.202301161003/tools/bin/../lib/gcc/arm-none-eabi/10.3.1/thumb/v7-m/nofp\libgcc.a
LOAD c:/st/stm32cubeide_1.12.1/stm32cubeide/plugins/com.st.stm32cube.ide.mcu.externaltools.gnu-tools-for-stm32.10.3-2021.10.win32_1.0.200.202301161003/tools/bin/../lib/gcc/arm-none-eabi/10.3.1/../../../../arm-none-eabi/lib/thumb/v7-m/nofp\libc_nano.a
END GROUP
START GROUP
LOAD c:/st/stm32cubeide_1.12.1/stm32cubeide/plugins/com.st.stm32cube.ide.mcu.externaltools.gnu-tools-for-stm32.10.3-2021.10.win32_1.0.200.202301161003/tools/bin/../lib/gcc/arm-none-eabi/10.3.1/thumb/v7-m/nofp\libgcc.a
LOAD c:/st/stm32cubeide_1.12.1/stm32cubeide/plugins/com.st.stm32cube.ide.mcu.externaltools.gnu-tools-for-stm32.10.3-2021.10.win32_1.0.200.202301161003/tools/bin/../lib/gcc/arm-none-eabi/10.3.1/../../../../arm-none-eabi/lib/thumb/v7-m/nofp\libc_nano.a
LOAD c:/st/stm32cubeide_1.12.1/stm32cubeide/plugins/com.st.stm32cube.ide.mcu.externaltools.gnu-tools-for-stm32.10.3-2021.10.win32_1.0.200.202301161003/tools/bin/../lib/gcc/arm-none-eabi/10.3.1/../../../../arm-none-eabi/lib/thumb/v7-m/nofp\libnosys.a
END GROUP
START GROUP
LOAD c:/st/stm32cubeide_1.12.1/stm32cubeide/plugins/com.st.stm32cube.ide.mcu.externaltools.gnu-tools-for-stm32.10.3-2021.10.win32_1.0.200.202301161003/tools/bin/../lib/gcc/arm-none-eabi/10.3.1/thumb/v7-m/nofp\libgcc.a
LOAD c:/st/stm32cubeide_1.12.1/stm32cubeide/plugins/com.st.stm32cube.ide.mcu.externaltools.gnu-tools-for-stm32.10.3-2021.10.win32_1.0.200.202301161003/tools/bin/../lib/gcc/arm-none-eabi/10.3.1/../../../../arm-none-eabi/lib/thumb/v7-m/nofp\libc_nano.a
LOAD c:/st/stm32cubeide_1.12.1/stm32cubeide/plugins/com.st.stm32cube.ide.mcu.externaltools.gnu-tools-for-stm32.10.3-2021.10.win32_1.0.200.202301161003/tools/bin/../lib/gcc/arm-none-eabi/10.3.1/../../../../arm-none-eabi/lib/thumb/v7-m/nofp\libnosys.a
END GROUP
LOAD c:/st/stm32cubeide_1.12.1/stm32cubeide/plugins/com.st.stm32cube.ide.mcu.externaltools.gnu-tools-for-stm32.10.3-2021.10.win32_1.0.200.202301161003/tools/bin/../lib/gcc/arm-none-eabi/10.3.1/thumb/v7-m/nofp/crtend.o
LOAD c:/st/stm32cubeide_1.12.1/stm32cubeide/plugins/com.st.stm32cube.ide.mcu.externaltools.gnu-tools-for-stm32.10.3-2021.10.win32_1.0.200.202301161003/tools/bin/../lib/gcc/arm-none-eabi/10.3.1/thumb/v7-m/nofp/crtn.o
                0x0000000020005000                _estack = (ORIGIN (RAM) + LENGTH (RAM))
                0x0000000000000200                _Min_Heap_Size = 0x200
                0x0000000000000400                _Min_Stack_Size = 0x400

.isr_vector     0x0000000008000000      0x10c
                0x0000000008000000                . = ALIGN (0x4)
 *(.isr_vector)
 .isr_vector    0x0000000008000000      0x10c ./Core/Startup/startup_stm32f103c8tx.o
                0x0000000008000000                g_pfnVectors
                0x000000000800010c                . = ALIGN (0x4)

.text           0x000000000800010c     0x69ec
                0x000000000800010c                . = ALIGN (0x4)
 *(.text)
 .text          0x000000000800010c       0x40 c:/st/stm32cubeide_1.12.1/stm32cubeide/plugins/com.st.stm32cube.ide.mcu.externaltools.gnu-tools-for-stm32.10.3-2021.10.win32_1.0.200.202301161003/tools/bin/../lib/gcc/arm-none-eabi/10.3.1/thumb/v7-m/nofp/crtbegin.o
 *(.text*)
 .text.SELECT   0x000000000800014c       0x20 ./Core/Src/fatfs_sd.o
 .text.DESELECT
                0x000000000800016c       0x20 ./Core/Src/fatfs_sd.o
 .text.SPI_TxByte
                0x000000000800018c       0x34 ./Core/Src/fatfs_sd.o
 .text.SPI_TxBuffer
                0x00000000080001c0       0x34 ./Core/Src/fatfs_sd.o
 .text.SPI_RxByte
                0x00000000080001f4       0x38 ./Core/Src/fatfs_sd.o
 .text.SPI_RxBytePtr
                0x000000000800022c       0x1c ./Core/Src/fatfs_sd.o
 .text.SD_ReadyWait
                0x0000000008000248       0x34 ./Core/Src/fatfs_sd.o
 .text.SD_PowerOn
                0x000000000800027c       0x84 ./Core/Src/fatfs_sd.o
 .text.SD_PowerOff
                0x0000000008000300       0x18 ./Core/Src/fatfs_sd.o
 .text.SD_CheckPower
                0x0000000008000318       0x14 ./Core/Src/fatfs_sd.o
 .text.SD_RxDataBlock
                0x000000000800032c       0x5c ./Core/Src/fatfs_sd.o
 .text.SD_TxDataBlock
                0x0000000008000388       0x86 ./Core/Src/fatfs_sd.o
 .text.SD_SendCmd
                0x000000000800040e       0xa8 ./Core/Src/fatfs_sd.o
 *fill*         0x00000000080004b6        0x2 
 .text.SD_disk_initialize
                0x00000000080004b8      0x1cc ./Core/Src/fatfs_sd.o
                0x00000000080004b8                SD_disk_initialize
 .text.SD_disk_status
                0x0000000008000684       0x28 ./Core/Src/fatfs_sd.o
                0x0000000008000684                SD_disk_status
 .text.SD_disk_read
                0x00000000080006ac       0xd4 ./Core/Src/fatfs_sd.o
                0x00000000080006ac                SD_disk_read
 .text.SD_disk_write
                0x0000000008000780      0x108 ./Core/Src/fatfs_sd.o
                0x0000000008000780                SD_disk_write
 .text.SD_disk_ioctl
                0x0000000008000888      0x258 ./Core/Src/fatfs_sd.o
                0x0000000008000888                SD_disk_ioctl
 .text.sd_read  0x0000000008000ae0      0x128 ./Core/Src/main.o
                0x0000000008000ae0                sd_read
 .text.main     0x0000000008000c08      0x108 ./Core/Src/main.o
                0x0000000008000c08                main
 .text.SystemClock_Config
                0x0000000008000d10       0x80 ./Core/Src/main.o
                0x0000000008000d10                SystemClock_Config
 .text.MX_SPI1_Init
                0x0000000008000d90       0x6c ./Core/Src/main.o
 .text.MX_SPI2_Init
                0x0000000008000dfc       0x6c ./Core/Src/main.o
 .text.MX_GPIO_Init
                0x0000000008000e68       0xc4 ./Core/Src/main.o
 .text.Error_Handler
                0x0000000008000f2c        0xa ./Core/Src/main.o
                0x0000000008000f2c                Error_Handler
 *fill*         0x0000000008000f36        0x2 
 .text.ST7735_Select
                0x0000000008000f38       0x18 ./Core/Src/st7735.o
 .text.ST7735_Unselect
                0x0000000008000f50       0x18 ./Core/Src/st7735.o
                0x0000000008000f50                ST7735_Unselect
 .text.ST7735_Reset
                0x0000000008000f68       0x28 ./Core/Src/st7735.o
 .text.ST7735_WriteCommand
                0x0000000008000f90       0x34 ./Core/Src/st7735.o
 .text.ST7735_WriteData
                0x0000000008000fc4       0x38 ./Core/Src/st7735.o
 .text.ST7735_ExecuteCommandList
                0x0000000008000ffc       0x92 ./Core/Src/st7735.o
 .text.ST7735_SetAddressWindow
                0x000000000800108e       0x68 ./Core/Src/st7735.o
 *fill*         0x00000000080010f6        0x2 
 .text.ST7735_Init
                0x00000000080010f8       0x34 ./Core/Src/st7735.o
                0x00000000080010f8                ST7735_Init
 .text.ST7735_FillRectangle
                0x000000000800112c       0xe8 ./Core/Src/st7735.o
                0x000000000800112c                ST7735_FillRectangle
 .text.ST7735_FillScreen
                0x0000000008001214       0x22 ./Core/Src/st7735.o
                0x0000000008001214                ST7735_FillScreen
 .text.ST7735_DrawImage
                0x0000000008001236       0x98 ./Core/Src/st7735.o
                0x0000000008001236                ST7735_DrawImage
 *fill*         0x00000000080012ce        0x2 
 .text.HAL_MspInit
                0x00000000080012d0       0x64 ./Core/Src/stm32f1xx_hal_msp.o
                0x00000000080012d0                HAL_MspInit
 .text.HAL_SPI_MspInit
                0x0000000008001334       0xf4 ./Core/Src/stm32f1xx_hal_msp.o
                0x0000000008001334                HAL_SPI_MspInit
 .text.NMI_Handler
                0x0000000008001428        0x6 ./Core/Src/stm32f1xx_it.o
                0x0000000008001428                NMI_Handler
 .text.HardFault_Handler
                0x000000000800142e        0x6 ./Core/Src/stm32f1xx_it.o
                0x000000000800142e                HardFault_Handler
 .text.MemManage_Handler
                0x0000000008001434        0x6 ./Core/Src/stm32f1xx_it.o
                0x0000000008001434                MemManage_Handler
 .text.BusFault_Handler
                0x000000000800143a        0x6 ./Core/Src/stm32f1xx_it.o
                0x000000000800143a                BusFault_Handler
 .text.UsageFault_Handler
                0x0000000008001440        0x6 ./Core/Src/stm32f1xx_it.o
                0x0000000008001440                UsageFault_Handler
 .text.SVC_Handler
                0x0000000008001446        0xc ./Core/Src/stm32f1xx_it.o
                0x0000000008001446                SVC_Handler
 .text.DebugMon_Handler
                0x0000000008001452        0xc ./Core/Src/stm32f1xx_it.o
                0x0000000008001452                DebugMon_Handler
 .text.PendSV_Handler
                0x000000000800145e        0xc ./Core/Src/stm32f1xx_it.o
                0x000000000800145e                PendSV_Handler
 *fill*         0x000000000800146a        0x2 
 .text.SysTick_Handler
                0x000000000800146c       0x3c ./Core/Src/stm32f1xx_it.o
                0x000000000800146c                SysTick_Handler
 .text._sbrk    0x00000000080014a8       0x6c ./Core/Src/sysmem.o
                0x00000000080014a8                _sbrk
 .text.SystemInit
                0x0000000008001514        0xc ./Core/Src/system_stm32f1xx.o
                0x0000000008001514                SystemInit
 .text.Reset_Handler
                0x0000000008001520       0x48 ./Core/Startup/startup_stm32f103c8tx.o
                0x0000000008001520                Reset_Handler
 .text.Default_Handler
                0x0000000008001568        0x2 ./Core/Startup/startup_stm32f103c8tx.o
                0x0000000008001568                RTC_Alarm_IRQHandler
                0x0000000008001568                EXTI2_IRQHandler
                0x0000000008001568                TIM1_CC_IRQHandler
                0x0000000008001568                PVD_IRQHandler
                0x0000000008001568                EXTI3_IRQHandler
                0x0000000008001568                EXTI0_IRQHandler
                0x0000000008001568                I2C2_EV_IRQHandler
                0x0000000008001568                ADC1_2_IRQHandler
                0x0000000008001568                SPI1_IRQHandler
                0x0000000008001568                TAMPER_IRQHandler
                0x0000000008001568                DMA1_Channel4_IRQHandler
                0x0000000008001568                USART3_IRQHandler
                0x0000000008001568                RTC_IRQHandler
                0x0000000008001568                DMA1_Channel7_IRQHandler
                0x0000000008001568                CAN1_RX1_IRQHandler
                0x0000000008001568                TIM4_IRQHandler
                0x0000000008001568                I2C1_EV_IRQHandler
                0x0000000008001568                DMA1_Channel6_IRQHandler
                0x0000000008001568                TIM3_IRQHandler
                0x0000000008001568                RCC_IRQHandler
                0x0000000008001568                TIM1_TRG_COM_IRQHandler
                0x0000000008001568                DMA1_Channel1_IRQHandler
                0x0000000008001568                Default_Handler
                0x0000000008001568                EXTI15_10_IRQHandler
                0x0000000008001568                EXTI9_5_IRQHandler
                0x0000000008001568                SPI2_IRQHandler
                0x0000000008001568                DMA1_Channel5_IRQHandler
                0x0000000008001568                EXTI4_IRQHandler
                0x0000000008001568                USB_LP_CAN1_RX0_IRQHandler
                0x0000000008001568                USB_HP_CAN1_TX_IRQHandler
                0x0000000008001568                DMA1_Channel3_IRQHandler
                0x0000000008001568                TIM1_UP_IRQHandler
                0x0000000008001568                WWDG_IRQHandler
                0x0000000008001568                TIM2_IRQHandler
                0x0000000008001568                TIM1_BRK_IRQHandler
                0x0000000008001568                EXTI1_IRQHandler
                0x0000000008001568                USART2_IRQHandler
                0x0000000008001568                I2C2_ER_IRQHandler
                0x0000000008001568                DMA1_Channel2_IRQHandler
                0x0000000008001568                CAN1_SCE_IRQHandler
                0x0000000008001568                FLASH_IRQHandler
                0x0000000008001568                USART1_IRQHandler
                0x0000000008001568                I2C1_ER_IRQHandler
                0x0000000008001568                USBWakeUp_IRQHandler
 *fill*         0x000000000800156a        0x2 
 .text.HAL_Init
                0x000000000800156c       0x2c ./Drivers/STM32F1xx_HAL_Driver/Src/stm32f1xx_hal.o
                0x000000000800156c                HAL_Init
 .text.HAL_InitTick
                0x0000000008001598       0x60 ./Drivers/STM32F1xx_HAL_Driver/Src/stm32f1xx_hal.o
                0x0000000008001598                HAL_InitTick
 .text.HAL_IncTick
                0x00000000080015f8       0x24 ./Drivers/STM32F1xx_HAL_Driver/Src/stm32f1xx_hal.o
                0x00000000080015f8                HAL_IncTick
 .text.HAL_GetTick
                0x000000000800161c       0x14 ./Drivers/STM32F1xx_HAL_Driver/Src/stm32f1xx_hal.o
                0x000000000800161c                HAL_GetTick
 .text.HAL_Delay
                0x0000000008001630       0x48 ./Drivers/STM32F1xx_HAL_Driver/Src/stm32f1xx_hal.o
                0x0000000008001630                HAL_Delay
 .text.__NVIC_SetPriorityGrouping
                0x0000000008001678       0x48 ./Drivers/STM32F1xx_HAL_Driver/Src/stm32f1xx_hal_cortex.o
 .text.__NVIC_GetPriorityGrouping
                0x00000000080016c0       0x1c ./Drivers/STM32F1xx_HAL_Driver/Src/stm32f1xx_hal_cortex.o
 .text.__NVIC_SetPriority
                0x00000000080016dc       0x54 ./Drivers/STM32F1xx_HAL_Driver/Src/stm32f1xx_hal_cortex.o
 .text.NVIC_EncodePriority
                0x0000000008001730       0x64 ./Drivers/STM32F1xx_HAL_Driver/Src/stm32f1xx_hal_cortex.o
 .text.SysTick_Config
                0x0000000008001794       0x44 ./Drivers/STM32F1xx_HAL_Driver/Src/stm32f1xx_hal_cortex.o
 .text.HAL_NVIC_SetPriorityGrouping
                0x00000000080017d8       0x16 ./Drivers/STM32F1xx_HAL_Driver/Src/stm32f1xx_hal_cortex.o
                0x00000000080017d8                HAL_NVIC_SetPriorityGrouping
 .text.HAL_NVIC_SetPriority
                0x00000000080017ee       0x38 ./Drivers/STM32F1xx_HAL_Driver/Src/stm32f1xx_hal_cortex.o
                0x00000000080017ee                HAL_NVIC_SetPriority
 .text.HAL_SYSTICK_Config
                0x0000000008001826       0x18 ./Drivers/STM32F1xx_HAL_Driver/Src/stm32f1xx_hal_cortex.o
                0x0000000008001826                HAL_SYSTICK_Config
 *fill*         0x000000000800183e        0x2 
 .text.HAL_GPIO_Init
                0x0000000008001840      0x308 ./Drivers/STM32F1xx_HAL_Driver/Src/stm32f1xx_hal_gpio.o
                0x0000000008001840                HAL_GPIO_Init
 .text.HAL_GPIO_WritePin
                0x0000000008001b48       0x30 ./Drivers/STM32F1xx_HAL_Driver/Src/stm32f1xx_hal_gpio.o
                0x0000000008001b48                HAL_GPIO_WritePin
 .text.HAL_RCC_OscConfig
                0x0000000008001b78      0x504 ./Drivers/STM32F1xx_HAL_Driver/Src/stm32f1xx_hal_rcc.o
                0x0000000008001b78                HAL_RCC_OscConfig
 .text.HAL_RCC_ClockConfig
                0x000000000800207c      0x1d4 ./Drivers/STM32F1xx_HAL_Driver/Src/stm32f1xx_hal_rcc.o
                0x000000000800207c                HAL_RCC_ClockConfig
 .text.HAL_RCC_GetSysClockFreq
                0x0000000008002250       0xa8 ./Drivers/STM32F1xx_HAL_Driver/Src/stm32f1xx_hal_rcc.o
                0x0000000008002250                HAL_RCC_GetSysClockFreq
 .text.RCC_Delay
                0x00000000080022f8       0x3c ./Drivers/STM32F1xx_HAL_Driver/Src/stm32f1xx_hal_rcc.o
 .text.HAL_SPI_Init
                0x0000000008002334      0x108 ./Drivers/STM32F1xx_HAL_Driver/Src/stm32f1xx_hal_spi.o
                0x0000000008002334                HAL_SPI_Init
 .text.HAL_SPI_Transmit
                0x000000000800243c      0x286 ./Drivers/STM32F1xx_HAL_Driver/Src/stm32f1xx_hal_spi.o
                0x000000000800243c                HAL_SPI_Transmit
 .text.HAL_SPI_TransmitReceive
                0x00000000080026c2      0x360 ./Drivers/STM32F1xx_HAL_Driver/Src/stm32f1xx_hal_spi.o
                0x00000000080026c2                HAL_SPI_TransmitReceive
 *fill*         0x0000000008002a22        0x2 
 .text.SPI_WaitFlagStateUntilTimeout
                0x0000000008002a24      0x110 ./Drivers/STM32F1xx_HAL_Driver/Src/stm32f1xx_hal_spi.o
 .text.SPI_EndRxTxTransaction
                0x0000000008002b34       0x3c ./Drivers/STM32F1xx_HAL_Driver/Src/stm32f1xx_hal_spi.o
 .text.MX_FATFS_Init
                0x0000000008002b70       0x24 ./FATFS/App/fatfs.o
                0x0000000008002b70                MX_FATFS_Init
 .text.get_fattime
                0x0000000008002b94        0xe ./FATFS/App/fatfs.o
                0x0000000008002b94                get_fattime
 .text.USER_initialize
                0x0000000008002ba2       0x1e ./FATFS/Target/user_diskio.o
                0x0000000008002ba2                USER_initialize
 .text.USER_status
                0x0000000008002bc0       0x1e ./FATFS/Target/user_diskio.o
                0x0000000008002bc0                USER_status
 .text.USER_read
                0x0000000008002bde       0x28 ./FATFS/Target/user_diskio.o
                0x0000000008002bde                USER_read
 .text.USER_write
                0x0000000008002c06       0x28 ./FATFS/Target/user_diskio.o
                0x0000000008002c06                USER_write
 .text.USER_ioctl
                0x0000000008002c2e       0x28 ./FATFS/Target/user_diskio.o
                0x0000000008002c2e                USER_ioctl
 *fill*         0x0000000008002c56        0x2 
 .text.disk_status
                0x0000000008002c58       0x34 ./Middlewares/Third_Party/FatFs/src/diskio.o
                0x0000000008002c58                disk_status
 .text.disk_initialize
                0x0000000008002c8c       0x4c ./Middlewares/Third_Party/FatFs/src/diskio.o
                0x0000000008002c8c                disk_initialize
 .text.disk_read
                0x0000000008002cd8       0x40 ./Middlewares/Third_Party/FatFs/src/diskio.o
                0x0000000008002cd8                disk_read
 .text.disk_write
                0x0000000008002d18       0x40 ./Middlewares/Third_Party/FatFs/src/diskio.o
                0x0000000008002d18                disk_write
 .text.disk_ioctl
                0x0000000008002d58       0x3c ./Middlewares/Third_Party/FatFs/src/diskio.o
                0x0000000008002d58                disk_ioctl
 .text.mem_cpy  0x0000000008002d94       0x3c ./Middlewares/Third_Party/FatFs/src/ff.o
 .text.mem_set  0x0000000008002dd0       0x34 ./Middlewares/Third_Party/FatFs/src/ff.o
 .text.mem_cmp  0x0000000008002e04       0x4c ./Middlewares/Third_Party/FatFs/src/ff.o
 .text.chk_chr  0x0000000008002e50       0x34 ./Middlewares/Third_Party/FatFs/src/ff.o
 .text.chk_lock
                0x0000000008002e84       0xe0 ./Middlewares/Third_Party/FatFs/src/ff.o
 .text.enq_lock
                0x0000000008002f64       0x48 ./Middlewares/Third_Party/FatFs/src/ff.o
 .text.inc_lock
                0x0000000008002fac      0x178 ./Middlewares/Third_Party/FatFs/src/ff.o
 .text.dec_lock
                0x0000000008003124       0x88 ./Middlewares/Third_Party/FatFs/src/ff.o
 .text.clear_lock
                0x00000000080031ac       0x54 ./Middlewares/Third_Party/FatFs/src/ff.o
 .text.sync_window
                0x0000000008003200       0xa4 ./Middlewares/Third_Party/FatFs/src/ff.o
 .text.move_window
                0x00000000080032a4       0x64 ./Middlewares/Third_Party/FatFs/src/ff.o
 .text.sync_fs  0x0000000008003308      0x17e ./Middlewares/Third_Party/FatFs/src/ff.o
 .text.clust2sect
                0x0000000008003486       0x48 ./Middlewares/Third_Party/FatFs/src/ff.o
                0x0000000008003486                clust2sect
 .text.get_fat  0x00000000080034ce      0x1f8 ./Middlewares/Third_Party/FatFs/src/ff.o
                0x00000000080034ce                get_fat
 .text.put_fat  0x00000000080036c6      0x2a6 ./Middlewares/Third_Party/FatFs/src/ff.o
                0x00000000080036c6                put_fat
 .text.remove_chain
                0x000000000800396c       0xc2 ./Middlewares/Third_Party/FatFs/src/ff.o
 .text.create_chain
                0x0000000008003a2e      0x150 ./Middlewares/Third_Party/FatFs/src/ff.o
 .text.clmt_clust
                0x0000000008003b7e       0x80 ./Middlewares/Third_Party/FatFs/src/ff.o
 .text.dir_sdi  0x0000000008003bfe      0x19c ./Middlewares/Third_Party/FatFs/src/ff.o
 .text.dir_next
                0x0000000008003d9a      0x294 ./Middlewares/Third_Party/FatFs/src/ff.o
 .text.dir_alloc
                0x000000000800402e       0x9c ./Middlewares/Third_Party/FatFs/src/ff.o
 .text.ld_clust
                0x00000000080040ca       0x5c ./Middlewares/Third_Party/FatFs/src/ff.o
 .text.st_clust
                0x0000000008004126       0x4c ./Middlewares/Third_Party/FatFs/src/ff.o
 *fill*         0x0000000008004172        0x2 
 .text.cmp_lfn  0x0000000008004174       0xdc ./Middlewares/Third_Party/FatFs/src/ff.o
 .text.fit_lfn  0x0000000008004250       0xe8 ./Middlewares/Third_Party/FatFs/src/ff.o
 .text.gen_numname
                0x0000000008004338      0x11c ./Middlewares/Third_Party/FatFs/src/ff.o
 .text.sum_sfn  0x0000000008004454       0x40 ./Middlewares/Third_Party/FatFs/src/ff.o
 .text.dir_find
                0x0000000008004494      0x198 ./Middlewares/Third_Party/FatFs/src/ff.o
 .text.dir_register
                0x000000000800462c      0x248 ./Middlewares/Third_Party/FatFs/src/ff.o
 .text.create_name
                0x0000000008004874      0x37c ./Middlewares/Third_Party/FatFs/src/ff.o
 .text.follow_path
                0x0000000008004bf0       0xec ./Middlewares/Third_Party/FatFs/src/ff.o
 .text.get_ldnumber
                0x0000000008004cdc       0x86 ./Middlewares/Third_Party/FatFs/src/ff.o
 *fill*         0x0000000008004d62        0x2 
 .text.check_fs
                0x0000000008004d64       0xdc ./Middlewares/Third_Party/FatFs/src/ff.o
 .text.find_volume
                0x0000000008004e40      0x664 ./Middlewares/Third_Party/FatFs/src/ff.o
 .text.validate
                0x00000000080054a4       0x76 ./Middlewares/Third_Party/FatFs/src/ff.o
 *fill*         0x000000000800551a        0x2 
 .text.f_mount  0x000000000800551c       0x94 ./Middlewares/Third_Party/FatFs/src/ff.o
                0x000000000800551c                f_mount
 .text.f_open   0x00000000080055b0      0x630 ./Middlewares/Third_Party/FatFs/src/ff.o
                0x00000000080055b0                f_open
 .text.f_read   0x0000000008005be0      0x3d0 ./Middlewares/Third_Party/FatFs/src/ff.o
                0x0000000008005be0                f_read
 .text.f_sync   0x0000000008005fb0      0x19c ./Middlewares/Third_Party/FatFs/src/ff.o
                0x0000000008005fb0                f_sync
 .text.f_close  0x000000000800614c       0x56 ./Middlewares/Third_Party/FatFs/src/ff.o
                0x000000000800614c                f_close
 .text.f_lseek  0x00000000080061a2      0x5e2 ./Middlewares/Third_Party/FatFs/src/ff.o
                0x00000000080061a2                f_lseek
 .text.FATFS_LinkDriverEx
                0x0000000008006784       0x94 ./Middlewares/Third_Party/FatFs/src/ff_gen_drv.o
                0x0000000008006784                FATFS_LinkDriverEx
 .text.FATFS_LinkDriver
                0x0000000008006818       0x1e ./Middlewares/Third_Party/FatFs/src/ff_gen_drv.o
                0x0000000008006818                FATFS_LinkDriver
 *fill*         0x0000000008006836        0x2 
 .text.ff_convert
                0x0000000008006838       0x74 ./Middlewares/Third_Party/FatFs/src/option/ccsbcs.o
                0x0000000008006838                ff_convert
 .text.ff_wtoupper
                0x00000000080068ac       0x5c ./Middlewares/Third_Party/FatFs/src/option/ccsbcs.o
                0x00000000080068ac                ff_wtoupper
 .text.__errno  0x0000000008006908        0xc c:/st/stm32cubeide_1.12.1/stm32cubeide/plugins/com.st.stm32cube.ide.mcu.externaltools.gnu-tools-for-stm32.10.3-2021.10.win32_1.0.200.202301161003/tools/bin/../lib/gcc/arm-none-eabi/10.3.1/../../../../arm-none-eabi/lib/thumb/v7-m/nofp\libc_nano.a(lib_a-errno.o)
                0x0000000008006908                __errno
 .text.__libc_init_array
                0x0000000008006914       0x48 c:/st/stm32cubeide_1.12.1/stm32cubeide/plugins/com.st.stm32cube.ide.mcu.externaltools.gnu-tools-for-stm32.10.3-2021.10.win32_1.0.200.202301161003/tools/bin/../lib/gcc/arm-none-eabi/10.3.1/../../../../arm-none-eabi/lib/thumb/v7-m/nofp\libc_nano.a(lib_a-init.o)
                0x0000000008006914                __libc_init_array
 .text.malloc   0x000000000800695c       0x10 c:/st/stm32cubeide_1.12.1/stm32cubeide/plugins/com.st.stm32cube.ide.mcu.externaltools.gnu-tools-for-stm32.10.3-2021.10.win32_1.0.200.202301161003/tools/bin/../lib/gcc/arm-none-eabi/10.3.1/../../../../arm-none-eabi/lib/thumb/v7-m/nofp\libc_nano.a(lib_a-malloc.o)
                0x000000000800695c                malloc
 .text.memset   0x000000000800696c       0x10 c:/st/stm32cubeide_1.12.1/stm32cubeide/plugins/com.st.stm32cube.ide.mcu.externaltools.gnu-tools-for-stm32.10.3-2021.10.win32_1.0.200.202301161003/tools/bin/../lib/gcc/arm-none-eabi/10.3.1/../../../../arm-none-eabi/lib/thumb/v7-m/nofp\libc_nano.a(lib_a-memset.o)
                0x000000000800696c                memset
 .text.sbrk_aligned
                0x000000000800697c       0x40 c:/st/stm32cubeide_1.12.1/stm32cubeide/plugins/com.st.stm32cube.ide.mcu.externaltools.gnu-tools-for-stm32.10.3-2021.10.win32_1.0.200.202301161003/tools/bin/../lib/gcc/arm-none-eabi/10.3.1/../../../../arm-none-eabi/lib/thumb/v7-m/nofp\libc_nano.a(lib_a-nano-mallocr.o)
 .text._malloc_r
                0x00000000080069bc       0xe8 c:/st/stm32cubeide_1.12.1/stm32cubeide/plugins/com.st.stm32cube.ide.mcu.externaltools.gnu-tools-for-stm32.10.3-2021.10.win32_1.0.200.202301161003/tools/bin/../lib/gcc/arm-none-eabi/10.3.1/../../../../arm-none-eabi/lib/thumb/v7-m/nofp\libc_nano.a(lib_a-nano-mallocr.o)
                0x00000000080069bc                _malloc_r
 .text._sbrk_r  0x0000000008006aa4       0x20 c:/st/stm32cubeide_1.12.1/stm32cubeide/plugins/com.st.stm32cube.ide.mcu.externaltools.gnu-tools-for-stm32.10.3-2021.10.win32_1.0.200.202301161003/tools/bin/../lib/gcc/arm-none-eabi/10.3.1/../../../../arm-none-eabi/lib/thumb/v7-m/nofp\libc_nano.a(lib_a-sbrkr.o)
                0x0000000008006aa4                _sbrk_r
 .text.__malloc_lock
                0x0000000008006ac4        0xc c:/st/stm32cubeide_1.12.1/stm32cubeide/plugins/com.st.stm32cube.ide.mcu.externaltools.gnu-tools-for-stm32.10.3-2021.10.win32_1.0.200.202301161003/tools/bin/../lib/gcc/arm-none-eabi/10.3.1/../../../../arm-none-eabi/lib/thumb/v7-m/nofp\libc_nano.a(lib_a-mlock.o)
                0x0000000008006ac4                __malloc_lock
 .text.__malloc_unlock
                0x0000000008006ad0        0xc c:/st/stm32cubeide_1.12.1/stm32cubeide/plugins/com.st.stm32cube.ide.mcu.externaltools.gnu-tools-for-stm32.10.3-2021.10.win32_1.0.200.202301161003/tools/bin/../lib/gcc/arm-none-eabi/10.3.1/../../../../arm-none-eabi/lib/thumb/v7-m/nofp\libc_nano.a(lib_a-mlock.o)
                0x0000000008006ad0                __malloc_unlock
 .text.__retarget_lock_acquire_recursive
                0x0000000008006adc        0x2 c:/st/stm32cubeide_1.12.1/stm32cubeide/plugins/com.st.stm32cube.ide.mcu.externaltools.gnu-tools-for-stm32.10.3-2021.10.win32_1.0.200.202301161003/tools/bin/../lib/gcc/arm-none-eabi/10.3.1/../../../../arm-none-eabi/lib/thumb/v7-m/nofp\libc_nano.a(lib_a-lock.o)
                0x0000000008006adc                __retarget_lock_acquire_recursive
 .text.__retarget_lock_release_recursive
                0x0000000008006ade        0x2 c:/st/stm32cubeide_1.12.1/stm32cubeide/plugins/com.st.stm32cube.ide.mcu.externaltools.gnu-tools-for-stm32.10.3-2021.10.win32_1.0.200.202301161003/tools/bin/../lib/gcc/arm-none-eabi/10.3.1/../../../../arm-none-eabi/lib/thumb/v7-m/nofp\libc_nano.a(lib_a-lock.o)
                0x0000000008006ade                __retarget_lock_release_recursive
 *(.glue_7)
 .glue_7        0x0000000008006ae0        0x0 linker stubs
 *(.glue_7t)
 .glue_7t       0x0000000008006ae0        0x0 linker stubs
 *(.eh_frame)
 .eh_frame      0x0000000008006ae0        0x0 c:/st/stm32cubeide_1.12.1/stm32cubeide/plugins/com.st.stm32cube.ide.mcu.externaltools.gnu-tools-for-stm32.10.3-2021.10.win32_1.0.200.202301161003/tools/bin/../lib/gcc/arm-none-eabi/10.3.1/thumb/v7-m/nofp/crtbegin.o
 *(.init)
 .init          0x0000000008006ae0        0x4 c:/st/stm32cubeide_1.12.1/stm32cubeide/plugins/com.st.stm32cube.ide.mcu.externaltools.gnu-tools-for-stm32.10.3-2021.10.win32_1.0.200.202301161003/tools/bin/../lib/gcc/arm-none-eabi/10.3.1/thumb/v7-m/nofp/crti.o
                0x0000000008006ae0                _init
 .init          0x0000000008006ae4        0x8 c:/st/stm32cubeide_1.12.1/stm32cubeide/plugins/com.st.stm32cube.ide.mcu.externaltools.gnu-tools-for-stm32.10.3-2021.10.win32_1.0.200.202301161003/tools/bin/../lib/gcc/arm-none-eabi/10.3.1/thumb/v7-m/nofp/crtn.o
 *(.fini)
 .fini          0x0000000008006aec        0x4 c:/st/stm32cubeide_1.12.1/stm32cubeide/plugins/com.st.stm32cube.ide.mcu.externaltools.gnu-tools-for-stm32.10.3-2021.10.win32_1.0.200.202301161003/tools/bin/../lib/gcc/arm-none-eabi/10.3.1/thumb/v7-m/nofp/crti.o
                0x0000000008006aec                _fini
 .fini          0x0000000008006af0        0x8 c:/st/stm32cubeide_1.12.1/stm32cubeide/plugins/com.st.stm32cube.ide.mcu.externaltools.gnu-tools-for-stm32.10.3-2021.10.win32_1.0.200.202301161003/tools/bin/../lib/gcc/arm-none-eabi/10.3.1/thumb/v7-m/nofp/crtn.o
                0x0000000008006af8                . = ALIGN (0x4)
                0x0000000008006af8                _etext = .

.vfp11_veneer   0x0000000008006af8        0x0
 .vfp11_veneer  0x0000000008006af8        0x0 linker stubs

.v4_bx          0x0000000008006af8        0x0
 .v4_bx         0x0000000008006af8        0x0 linker stubs

.iplt           0x0000000008006af8        0x0
 .iplt          0x0000000008006af8        0x0 c:/st/stm32cubeide_1.12.1/stm32cubeide/plugins/com.st.stm32cube.ide.mcu.externaltools.gnu-tools-for-stm32.10.3-2021.10.win32_1.0.200.202301161003/tools/bin/../lib/gcc/arm-none-eabi/10.3.1/thumb/v7-m/nofp/crtbegin.o

.rodata         0x0000000008006af8      0x69c
                0x0000000008006af8                . = ALIGN (0x4)
 *(.rodata)
 .rodata        0x0000000008006af8       0x67 ./Core/Src/main.o
 *fill*         0x0000000008006b5f        0x1 
 .rodata        0x0000000008006b60       0x48 ./Middlewares/Third_Party/FatFs/src/ff.o
 *(.rodata*)
 .rodata.init_cmds1
                0x0000000008006ba8       0x3b ./Core/Src/st7735.o
 *fill*         0x0000000008006be3        0x1 
 .rodata.init_cmds2
                0x0000000008006be4        0xd ./Core/Src/st7735.o
 *fill*         0x0000000008006bf1        0x3 
 .rodata.init_cmds3
                0x0000000008006bf4       0x2b ./Core/Src/st7735.o
 *fill*         0x0000000008006c1f        0x1 
 .rodata.AHBPrescTable
                0x0000000008006c20       0x10 ./Core/Src/system_stm32f1xx.o
                0x0000000008006c20                AHBPrescTable
 .rodata.aPLLMULFactorTable.1
                0x0000000008006c30       0x10 ./Drivers/STM32F1xx_HAL_Driver/Src/stm32f1xx_hal_rcc.o
 .rodata.aPredivFactorTable.0
                0x0000000008006c40        0x2 ./Drivers/STM32F1xx_HAL_Driver/Src/stm32f1xx_hal_rcc.o
 *fill*         0x0000000008006c42        0x2 
 .rodata.ExCvt  0x0000000008006c44       0x80 ./Middlewares/Third_Party/FatFs/src/ff.o
 .rodata.LfnOfs
                0x0000000008006cc4        0xd ./Middlewares/Third_Party/FatFs/src/ff.o
 *fill*         0x0000000008006cd1        0x3 
 .rodata.Tbl    0x0000000008006cd4      0x100 ./Middlewares/Third_Party/FatFs/src/option/ccsbcs.o
 .rodata.tbl_lower.1
                0x0000000008006dd4      0x1e0 ./Middlewares/Third_Party/FatFs/src/option/ccsbcs.o
 .rodata.tbl_upper.0
                0x0000000008006fb4      0x1e0 ./Middlewares/Third_Party/FatFs/src/option/ccsbcs.o
                0x0000000008007194                . = ALIGN (0x4)

.rel.dyn        0x0000000008007194        0x0
 .rel.iplt      0x0000000008007194        0x0 c:/st/stm32cubeide_1.12.1/stm32cubeide/plugins/com.st.stm32cube.ide.mcu.externaltools.gnu-tools-for-stm32.10.3-2021.10.win32_1.0.200.202301161003/tools/bin/../lib/gcc/arm-none-eabi/10.3.1/thumb/v7-m/nofp/crtbegin.o

.ARM.extab      0x0000000008007194        0x0
                0x0000000008007194                . = ALIGN (0x4)
 *(.ARM.extab* .gnu.linkonce.armextab.*)
                0x0000000008007194                . = ALIGN (0x4)

.ARM            0x0000000008007194        0x0
                0x0000000008007194                . = ALIGN (0x4)
                0x0000000008007194                __exidx_start = .
 *(.ARM.exidx*)
                0x0000000008007194                __exidx_end = .
                0x0000000008007194                . = ALIGN (0x4)

.preinit_array  0x0000000008007194        0x0
                0x0000000008007194                . = ALIGN (0x4)
                0x0000000008007194                PROVIDE (__preinit_array_start = .)
 *(.preinit_array*)
                0x0000000008007194                PROVIDE (__preinit_array_end = .)
                0x0000000008007194                . = ALIGN (0x4)

.init_array     0x0000000008007194        0x4
                0x0000000008007194                . = ALIGN (0x4)
                0x0000000008007194                PROVIDE (__init_array_start = .)
 *(SORT_BY_NAME(.init_array.*))
 *(.init_array*)
 .init_array    0x0000000008007194        0x4 c:/st/stm32cubeide_1.12.1/stm32cubeide/plugins/com.st.stm32cube.ide.mcu.externaltools.gnu-tools-for-stm32.10.3-2021.10.win32_1.0.200.202301161003/tools/bin/../lib/gcc/arm-none-eabi/10.3.1/thumb/v7-m/nofp/crtbegin.o
                0x0000000008007198                PROVIDE (__init_array_end = .)
                0x0000000008007198                . = ALIGN (0x4)

.fini_array     0x0000000008007198        0x4
                0x0000000008007198                . = ALIGN (0x4)
                [!provide]                        PROVIDE (__fini_array_start = .)
 *(SORT_BY_NAME(.fini_array.*))
 *(.fini_array*)
 .fini_array    0x0000000008007198        0x4 c:/st/stm32cubeide_1.12.1/stm32cubeide/plugins/com.st.stm32cube.ide.mcu.externaltools.gnu-tools-for-stm32.10.3-2021.10.win32_1.0.200.202301161003/tools/bin/../lib/gcc/arm-none-eabi/10.3.1/thumb/v7-m/nofp/crtbegin.o
                [!provide]                        PROVIDE (__fini_array_end = .)
                0x000000000800719c                . = ALIGN (0x4)
                0x000000000800719c                _sidata = LOADADDR (.data)

.data           0x0000000020000000       0x88 load address 0x000000000800719c
                0x0000000020000000                . = ALIGN (0x4)
                0x0000000020000000                _sdata = .
 *(.data)
 *(.data*)
 .data.Stat     0x0000000020000000        0x1 ./Core/Src/fatfs_sd.o
 *fill*         0x0000000020000001        0x3 
 .data.SystemCoreClock
                0x0000000020000004        0x4 ./Core/Src/system_stm32f1xx.o
                0x0000000020000004                SystemCoreClock
 .data.uwTickPrio
                0x0000000020000008        0x4 ./Drivers/STM32F1xx_HAL_Driver/Src/stm32f1xx_hal.o
                0x0000000020000008                uwTickPrio
 .data.uwTickFreq
                0x000000002000000c        0x1 ./Drivers/STM32F1xx_HAL_Driver/Src/stm32f1xx_hal.o
                0x000000002000000c                uwTickFreq
 *fill*         0x000000002000000d        0x3 
 .data.USER_Driver
                0x0000000020000010       0x14 ./FATFS/Target/user_diskio.o
                0x0000000020000010                USER_Driver
 .data._impure_ptr
                0x0000000020000024        0x4 c:/st/stm32cubeide_1.12.1/stm32cubeide/plugins/com.st.stm32cube.ide.mcu.externaltools.gnu-tools-for-stm32.10.3-2021.10.win32_1.0.200.202301161003/tools/bin/../lib/gcc/arm-none-eabi/10.3.1/../../../../arm-none-eabi/lib/thumb/v7-m/nofp\libc_nano.a(lib_a-impure.o)
                0x0000000020000024                _impure_ptr
 .data.impure_data
                0x0000000020000028       0x60 c:/st/stm32cubeide_1.12.1/stm32cubeide/plugins/com.st.stm32cube.ide.mcu.externaltools.gnu-tools-for-stm32.10.3-2021.10.win32_1.0.200.202301161003/tools/bin/../lib/gcc/arm-none-eabi/10.3.1/../../../../arm-none-eabi/lib/thumb/v7-m/nofp\libc_nano.a(lib_a-impure.o)
 *(.RamFunc)
 *(.RamFunc*)
                0x0000000020000088                . = ALIGN (0x4)
                0x0000000020000088                _edata = .

.igot.plt       0x0000000020000088        0x0 load address 0x0000000008007224
 .igot.plt      0x0000000020000088        0x0 c:/st/stm32cubeide_1.12.1/stm32cubeide/plugins/com.st.stm32cube.ide.mcu.externaltools.gnu-tools-for-stm32.10.3-2021.10.win32_1.0.200.202301161003/tools/bin/../lib/gcc/arm-none-eabi/10.3.1/thumb/v7-m/nofp/crtbegin.o
                0x0000000020000088                . = ALIGN (0x4)

.bss            0x0000000020000088     0x2380 load address 0x0000000008007224
                0x0000000020000088                _sbss = .
                0x0000000020000088                __bss_start__ = _sbss
 *(.bss)
 .bss           0x0000000020000088       0x1c c:/st/stm32cubeide_1.12.1/stm32cubeide/plugins/com.st.stm32cube.ide.mcu.externaltools.gnu-tools-for-stm32.10.3-2021.10.win32_1.0.200.202301161003/tools/bin/../lib/gcc/arm-none-eabi/10.3.1/thumb/v7-m/nofp/crtbegin.o
 *(.bss*)
 .bss.Timer1    0x00000000200000a4        0x2 ./Core/Src/fatfs_sd.o
                0x00000000200000a4                Timer1
 .bss.Timer2    0x00000000200000a6        0x2 ./Core/Src/fatfs_sd.o
                0x00000000200000a6                Timer2
 .bss.CardType  0x00000000200000a8        0x1 ./Core/Src/fatfs_sd.o
 .bss.PowerFlag
                0x00000000200000a9        0x1 ./Core/Src/fatfs_sd.o
 *fill*         0x00000000200000aa        0x2 
 .bss.hspi1     0x00000000200000ac       0x58 ./Core/Src/main.o
                0x00000000200000ac                hspi1
 .bss.hspi2     0x0000000020000104       0x58 ./Core/Src/main.o
                0x0000000020000104                hspi2
 .bss.fs        0x000000002000015c     0x1030 ./Core/Src/main.o
                0x000000002000015c                fs
 .bss.fil       0x000000002000118c     0x102c ./Core/Src/main.o
                0x000000002000118c                fil
 .bss.bytesRead
                0x00000000200021b8        0x4 ./Core/Src/main.o
                0x00000000200021b8                bytesRead
 .bss.__sbrk_heap_end
                0x00000000200021bc        0x4 ./Core/Src/sysmem.o
 .bss.uwTick    0x00000000200021c0        0x4 ./Drivers/STM32F1xx_HAL_Driver/Src/stm32f1xx_hal.o
                0x00000000200021c0                uwTick
 .bss.retUSER   0x00000000200021c4        0x1 ./FATFS/App/fatfs.o
                0x00000000200021c4                retUSER
 *fill*         0x00000000200021c5        0x3 
 .bss.USERPath  0x00000000200021c8        0x4 ./FATFS/App/fatfs.o
                0x00000000200021c8                USERPath
 .bss.FatFs     0x00000000200021cc        0x4 ./Middlewares/Third_Party/FatFs/src/ff.o
 .bss.Fsid      0x00000000200021d0        0x2 ./Middlewares/Third_Party/FatFs/src/ff.o
 *fill*         0x00000000200021d2        0x2 
 .bss.Files     0x00000000200021d4       0x18 ./Middlewares/Third_Party/FatFs/src/ff.o
 .bss.LfnBuf    0x00000000200021ec      0x200 ./Middlewares/Third_Party/FatFs/src/ff.o
 .bss.disk      0x00000000200023ec        0xc ./Middlewares/Third_Party/FatFs/src/ff_gen_drv.o
                0x00000000200023ec                disk
 .bss.__malloc_free_list
                0x00000000200023f8        0x4 c:/st/stm32cubeide_1.12.1/stm32cubeide/plugins/com.st.stm32cube.ide.mcu.externaltools.gnu-tools-for-stm32.10.3-2021.10.win32_1.0.200.202301161003/tools/bin/../lib/gcc/arm-none-eabi/10.3.1/../../../../arm-none-eabi/lib/thumb/v7-m/nofp\libc_nano.a(lib_a-nano-mallocr.o)
                0x00000000200023f8                __malloc_free_list
 .bss.__malloc_sbrk_start
                0x00000000200023fc        0x4 c:/st/stm32cubeide_1.12.1/stm32cubeide/plugins/com.st.stm32cube.ide.mcu.externaltools.gnu-tools-for-stm32.10.3-2021.10.win32_1.0.200.202301161003/tools/bin/../lib/gcc/arm-none-eabi/10.3.1/../../../../arm-none-eabi/lib/thumb/v7-m/nofp\libc_nano.a(lib_a-nano-mallocr.o)
                0x00000000200023fc                __malloc_sbrk_start
 .bss.errno     0x0000000020002400        0x4 c:/st/stm32cubeide_1.12.1/stm32cubeide/plugins/com.st.stm32cube.ide.mcu.externaltools.gnu-tools-for-stm32.10.3-2021.10.win32_1.0.200.202301161003/tools/bin/../lib/gcc/arm-none-eabi/10.3.1/../../../../arm-none-eabi/lib/thumb/v7-m/nofp\libc_nano.a(lib_a-reent.o)
                0x0000000020002400                errno
 .bss.__lock___malloc_recursive_mutex
                0x0000000020002404        0x1 c:/st/stm32cubeide_1.12.1/stm32cubeide/plugins/com.st.stm32cube.ide.mcu.externaltools.gnu-tools-for-stm32.10.3-2021.10.win32_1.0.200.202301161003/tools/bin/../lib/gcc/arm-none-eabi/10.3.1/../../../../arm-none-eabi/lib/thumb/v7-m/nofp\libc_nano.a(lib_a-lock.o)
                0x0000000020002404                __lock___malloc_recursive_mutex
 *(COMMON)
                0x0000000020002408                . = ALIGN (0x4)
 *fill*         0x0000000020002405        0x3 
                0x0000000020002408                _ebss = .
                0x0000000020002408                __bss_end__ = _ebss

._user_heap_stack
                0x0000000020002408      0x600 load address 0x0000000008007224
                0x0000000020002408                . = ALIGN (0x8)
                [!provide]                        PROVIDE (end = .)
                0x0000000020002408                PROVIDE (_end = .)
                0x0000000020002608                . = (. + _Min_Heap_Size)
 *fill*         0x0000000020002408      0x200 
                0x0000000020002a08                . = (. + _Min_Stack_Size)
 *fill*         0x0000000020002608      0x400 
                0x0000000020002a08                . = ALIGN (0x8)

/DISCARD/
 libc.a(*)
 libm.a(*)
 libgcc.a(*)

.ARM.attributes
                0x0000000000000000       0x29
 *(.ARM.attributes)
 .ARM.attributes
                0x0000000000000000       0x1d c:/st/stm32cubeide_1.12.1/stm32cubeide/plugins/com.st.stm32cube.ide.mcu.externaltools.gnu-tools-for-stm32.10.3-2021.10.win32_1.0.200.202301161003/tools/bin/../lib/gcc/arm-none-eabi/10.3.1/thumb/v7-m/nofp/crti.o
 .ARM.attributes
                0x000000000000001d       0x2d c:/st/stm32cubeide_1.12.1/stm32cubeide/plugins/com.st.stm32cube.ide.mcu.externaltools.gnu-tools-for-stm32.10.3-2021.10.win32_1.0.200.202301161003/tools/bin/../lib/gcc/arm-none-eabi/10.3.1/thumb/v7-m/nofp/crtbegin.o
 .ARM.attributes
                0x000000000000004a       0x2d ./Core/Src/fatfs_sd.o
 .ARM.attributes
                0x0000000000000077       0x2d ./Core/Src/main.o
 .ARM.attributes
                0x00000000000000a4       0x2d ./Core/Src/st7735.o
 .ARM.attributes
                0x00000000000000d1       0x2d ./Core/Src/stm32f1xx_hal_msp.o
 .ARM.attributes
                0x00000000000000fe       0x2d ./Core/Src/stm32f1xx_it.o
 .ARM.attributes
                0x000000000000012b       0x2d ./Core/Src/sysmem.o
 .ARM.attributes
                0x0000000000000158       0x2d ./Core/Src/system_stm32f1xx.o
 .ARM.attributes
                0x0000000000000185       0x21 ./Core/Startup/startup_stm32f103c8tx.o
 .ARM.attributes
                0x00000000000001a6       0x2d ./Drivers/STM32F1xx_HAL_Driver/Src/stm32f1xx_hal.o
 .ARM.attributes
                0x00000000000001d3       0x2d ./Drivers/STM32F1xx_HAL_Driver/Src/stm32f1xx_hal_cortex.o
 .ARM.attributes
                0x0000000000000200       0x2d ./Drivers/STM32F1xx_HAL_Driver/Src/stm32f1xx_hal_gpio.o
 .ARM.attributes
                0x000000000000022d       0x2d ./Drivers/STM32F1xx_HAL_Driver/Src/stm32f1xx_hal_rcc.o
 .ARM.attributes
                0x000000000000025a       0x2d ./Drivers/STM32F1xx_HAL_Driver/Src/stm32f1xx_hal_spi.o
 .ARM.attributes
                0x0000000000000287       0x2d ./FATFS/App/fatfs.o
 .ARM.attributes
                0x00000000000002b4       0x2d ./FATFS/Target/user_diskio.o
 .ARM.attributes
                0x00000000000002e1       0x2d ./Middlewares/Third_Party/FatFs/src/diskio.o
 .ARM.attributes
                0x000000000000030e       0x2d ./Middlewares/Third_Party/FatFs/src/ff.o
 .ARM.attributes
                0x000000000000033b       0x2d ./Middlewares/Third_Party/FatFs/src/ff_gen_drv.o
 .ARM.attributes
                0x0000000000000368       0x2d ./Middlewares/Third_Party/FatFs/src/option/ccsbcs.o
 .ARM.attributes
                0x0000000000000395       0x2d c:/st/stm32cubeide_1.12.1/stm32cubeide/plugins/com.st.stm32cube.ide.mcu.externaltools.gnu-tools-for-stm32.10.3-2021.10.win32_1.0.200.202301161003/tools/bin/../lib/gcc/arm-none-eabi/10.3.1/../../../../arm-none-eabi/lib/thumb/v7-m/nofp\libc_nano.a(lib_a-errno.o)
 .ARM.attributes
                0x00000000000003c2       0x2d c:/st/stm32cubeide_1.12.1/stm32cubeide/plugins/com.st.stm32cube.ide.mcu.externaltools.gnu-tools-for-stm32.10.3-2021.10.win32_1.0.200.202301161003/tools/bin/../lib/gcc/arm-none-eabi/10.3.1/../../../../arm-none-eabi/lib/thumb/v7-m/nofp\libc_nano.a(lib_a-impure.o)
 .ARM.attributes
                0x00000000000003ef       0x2d c:/st/stm32cubeide_1.12.1/stm32cubeide/plugins/com.st.stm32cube.ide.mcu.externaltools.gnu-tools-for-stm32.10.3-2021.10.win32_1.0.200.202301161003/tools/bin/../lib/gcc/arm-none-eabi/10.3.1/../../../../arm-none-eabi/lib/thumb/v7-m/nofp\libc_nano.a(lib_a-init.o)
 .ARM.attributes
                0x000000000000041c       0x2d c:/st/stm32cubeide_1.12.1/stm32cubeide/plugins/com.st.stm32cube.ide.mcu.externaltools.gnu-tools-for-stm32.10.3-2021.10.win32_1.0.200.202301161003/tools/bin/../lib/gcc/arm-none-eabi/10.3.1/../../../../arm-none-eabi/lib/thumb/v7-m/nofp\libc_nano.a(lib_a-malloc.o)
 .ARM.attributes
                0x0000000000000449       0x2d c:/st/stm32cubeide_1.12.1/stm32cubeide/plugins/com.st.stm32cube.ide.mcu.externaltools.gnu-tools-for-stm32.10.3-2021.10.win32_1.0.200.202301161003/tools/bin/../lib/gcc/arm-none-eabi/10.3.1/../../../../arm-none-eabi/lib/thumb/v7-m/nofp\libc_nano.a(lib_a-memset.o)
 .ARM.attributes
                0x0000000000000476       0x2d c:/st/stm32cubeide_1.12.1/stm32cubeide/plugins/com.st.stm32cube.ide.mcu.externaltools.gnu-tools-for-stm32.10.3-2021.10.win32_1.0.200.202301161003/tools/bin/../lib/gcc/arm-none-eabi/10.3.1/../../../../arm-none-eabi/lib/thumb/v7-m/nofp\libc_nano.a(lib_a-nano-mallocr.o)
 .ARM.attributes
                0x00000000000004a3       0x2d c:/st/stm32cubeide_1.12.1/stm32cubeide/plugins/com.st.stm32cube.ide.mcu.externaltools.gnu-tools-for-stm32.10.3-2021.10.win32_1.0.200.202301161003/tools/bin/../lib/gcc/arm-none-eabi/10.3.1/../../../../arm-none-eabi/lib/thumb/v7-m/nofp\libc_nano.a(lib_a-sbrkr.o)
 .ARM.attributes
                0x00000000000004d0       0x2d c:/st/stm32cubeide_1.12.1/stm32cubeide/plugins/com.st.stm32cube.ide.mcu.externaltools.gnu-tools-for-stm32.10.3-2021.10.win32_1.0.200.202301161003/tools/bin/../lib/gcc/arm-none-eabi/10.3.1/../../../../arm-none-eabi/lib/thumb/v7-m/nofp\libc_nano.a(lib_a-mlock.o)
 .ARM.attributes
                0x00000000000004fd       0x2d c:/st/stm32cubeide_1.12.1/stm32cubeide/plugins/com.st.stm32cube.ide.mcu.externaltools.gnu-tools-for-stm32.10.3-2021.10.win32_1.0.200.202301161003/tools/bin/../lib/gcc/arm-none-eabi/10.3.1/../../../../arm-none-eabi/lib/thumb/v7-m/nofp\libc_nano.a(lib_a-reent.o)
 .ARM.attributes
                0x000000000000052a       0x2d c:/st/stm32cubeide_1.12.1/stm32cubeide/plugins/com.st.stm32cube.ide.mcu.externaltools.gnu-tools-for-stm32.10.3-2021.10.win32_1.0.200.202301161003/tools/bin/../lib/gcc/arm-none-eabi/10.3.1/../../../../arm-none-eabi/lib/thumb/v7-m/nofp\libc_nano.a(lib_a-lock.o)
 .ARM.attributes
                0x0000000000000557       0x1d c:/st/stm32cubeide_1.12.1/stm32cubeide/plugins/com.st.stm32cube.ide.mcu.externaltools.gnu-tools-for-stm32.10.3-2021.10.win32_1.0.200.202301161003/tools/bin/../lib/gcc/arm-none-eabi/10.3.1/thumb/v7-m/nofp/crtn.o
OUTPUT(TFT_7735_SPI_C8.elf elf32-littlearm)
LOAD linker stubs
LOAD c:/st/stm32cubeide_1.12.1/stm32cubeide/plugins/com.st.stm32cube.ide.mcu.externaltools.gnu-tools-for-stm32.10.3-2021.10.win32_1.0.200.202301161003/tools/bin/../lib/gcc/arm-none-eabi/10.3.1/../../../../arm-none-eabi/lib/thumb/v7-m/nofp\libc.a
LOAD c:/st/stm32cubeide_1.12.1/stm32cubeide/plugins/com.st.stm32cube.ide.mcu.externaltools.gnu-tools-for-stm32.10.3-2021.10.win32_1.0.200.202301161003/tools/bin/../lib/gcc/arm-none-eabi/10.3.1/../../../../arm-none-eabi/lib/thumb/v7-m/nofp\libm.a
LOAD c:/st/stm32cubeide_1.12.1/stm32cubeide/plugins/com.st.stm32cube.ide.mcu.externaltools.gnu-tools-for-stm32.10.3-2021.10.win32_1.0.200.202301161003/tools/bin/../lib/gcc/arm-none-eabi/10.3.1/thumb/v7-m/nofp\libgcc.a

.debug_info     0x0000000000000000     0xa6bc
 .debug_info    0x0000000000000000      0xc5a ./Core/Src/fatfs_sd.o
 .debug_info    0x0000000000000c5a      0xf30 ./Core/Src/main.o
 .debug_info    0x0000000000001b8a      0xcc9 ./Core/Src/st7735.o
 .debug_info    0x0000000000002853      0x8c4 ./Core/Src/stm32f1xx_hal_msp.o
 .debug_info    0x0000000000003117      0x152 ./Core/Src/stm32f1xx_it.o
 .debug_info    0x0000000000003269      0x171 ./Core/Src/sysmem.o
 .debug_info    0x00000000000033da      0x23d ./Core/Src/system_stm32f1xx.o
 .debug_info    0x0000000000003617       0x22 ./Core/Startup/startup_stm32f103c8tx.o
 .debug_info    0x0000000000003639      0x734 ./Drivers/STM32F1xx_HAL_Driver/Src/stm32f1xx_hal.o
 .debug_info    0x0000000000003d6d      0xb20 ./Drivers/STM32F1xx_HAL_Driver/Src/stm32f1xx_hal_cortex.o
 .debug_info    0x000000000000488d      0x615 ./Drivers/STM32F1xx_HAL_Driver/Src/stm32f1xx_hal_gpio.o
 .debug_info    0x0000000000004ea2      0x865 ./Drivers/STM32F1xx_HAL_Driver/Src/stm32f1xx_hal_rcc.o
 .debug_info    0x0000000000005707     0x165d ./Drivers/STM32F1xx_HAL_Driver/Src/stm32f1xx_hal_spi.o
 .debug_info    0x0000000000006d64      0x52d ./FATFS/App/fatfs.o
 .debug_info    0x0000000000007291      0x3dc ./FATFS/Target/user_diskio.o
 .debug_info    0x000000000000766d      0x40d ./Middlewares/Third_Party/FatFs/src/diskio.o
 .debug_info    0x0000000000007a7a     0x2721 ./Middlewares/Third_Party/FatFs/src/ff.o
 .debug_info    0x000000000000a19b      0x3a4 ./Middlewares/Third_Party/FatFs/src/ff_gen_drv.o
 .debug_info    0x000000000000a53f      0x17d ./Middlewares/Third_Party/FatFs/src/option/ccsbcs.o

.debug_abbrev   0x0000000000000000     0x226f
 .debug_abbrev  0x0000000000000000      0x2ce ./Core/Src/fatfs_sd.o
 .debug_abbrev  0x00000000000002ce      0x36f ./Core/Src/main.o
 .debug_abbrev  0x000000000000063d      0x2aa ./Core/Src/st7735.o
 .debug_abbrev  0x00000000000008e7      0x194 ./Core/Src/stm32f1xx_hal_msp.o
 .debug_abbrev  0x0000000000000a7b       0x96 ./Core/Src/stm32f1xx_it.o
 .debug_abbrev  0x0000000000000b11       0xbb ./Core/Src/sysmem.o
 .debug_abbrev  0x0000000000000bcc      0x13b ./Core/Src/system_stm32f1xx.o
 .debug_abbrev  0x0000000000000d07       0x12 ./Core/Startup/startup_stm32f103c8tx.o
 .debug_abbrev  0x0000000000000d19      0x1fb ./Drivers/STM32F1xx_HAL_Driver/Src/stm32f1xx_hal.o
 .debug_abbrev  0x0000000000000f14      0x2ed ./Drivers/STM32F1xx_HAL_Driver/Src/stm32f1xx_hal_cortex.o
 .debug_abbrev  0x0000000000001201      0x1bb ./Drivers/STM32F1xx_HAL_Driver/Src/stm32f1xx_hal_gpio.o
 .debug_abbrev  0x00000000000013bc      0x2a8 ./Drivers/STM32F1xx_HAL_Driver/Src/stm32f1xx_hal_rcc.o
 .debug_abbrev  0x0000000000001664      0x26e ./Drivers/STM32F1xx_HAL_Driver/Src/stm32f1xx_hal_spi.o
 .debug_abbrev  0x00000000000018d2      0x19a ./FATFS/App/fatfs.o
 .debug_abbrev  0x0000000000001a6c      0x155 ./FATFS/Target/user_diskio.o
 .debug_abbrev  0x0000000000001bc1      0x178 ./Middlewares/Third_Party/FatFs/src/diskio.o
 .debug_abbrev  0x0000000000001d39      0x2cd ./Middlewares/Third_Party/FatFs/src/ff.o
 .debug_abbrev  0x0000000000002006      0x196 ./Middlewares/Third_Party/FatFs/src/ff_gen_drv.o
 .debug_abbrev  0x000000000000219c       0xd3 ./Middlewares/Third_Party/FatFs/src/option/ccsbcs.o

.debug_aranges  0x0000000000000000      0xa60
 .debug_aranges
                0x0000000000000000       0xa8 ./Core/Src/fatfs_sd.o
 .debug_aranges
                0x00000000000000a8       0x50 ./Core/Src/main.o
 .debug_aranges
                0x00000000000000f8       0xa8 ./Core/Src/st7735.o
 .debug_aranges
                0x00000000000001a0       0x30 ./Core/Src/stm32f1xx_hal_msp.o
 .debug_aranges
                0x00000000000001d0       0x60 ./Core/Src/stm32f1xx_it.o
 .debug_aranges
                0x0000000000000230       0x20 ./Core/Src/sysmem.o
 .debug_aranges
                0x0000000000000250       0x28 ./Core/Src/system_stm32f1xx.o
 .debug_aranges
                0x0000000000000278       0x28 ./Core/Startup/startup_stm32f103c8tx.o
 .debug_aranges
                0x00000000000002a0       0xe0 ./Drivers/STM32F1xx_HAL_Driver/Src/stm32f1xx_hal.o
 .debug_aranges
                0x0000000000000380      0x100 ./Drivers/STM32F1xx_HAL_Driver/Src/stm32f1xx_hal_cortex.o
 .debug_aranges
                0x0000000000000480       0x58 ./Drivers/STM32F1xx_HAL_Driver/Src/stm32f1xx_hal_gpio.o
 .debug_aranges
                0x00000000000004d8       0x90 ./Drivers/STM32F1xx_HAL_Driver/Src/stm32f1xx_hal_rcc.o
 .debug_aranges
                0x0000000000000568      0x1d0 ./Drivers/STM32F1xx_HAL_Driver/Src/stm32f1xx_hal_spi.o
 .debug_aranges
                0x0000000000000738       0x28 ./FATFS/App/fatfs.o
 .debug_aranges
                0x0000000000000760       0x40 ./FATFS/Target/user_diskio.o
 .debug_aranges
                0x00000000000007a0       0x48 ./Middlewares/Third_Party/FatFs/src/diskio.o
 .debug_aranges
                0x00000000000007e8      0x210 ./Middlewares/Third_Party/FatFs/src/ff.o
 .debug_aranges
                0x00000000000009f8       0x40 ./Middlewares/Third_Party/FatFs/src/ff_gen_drv.o
 .debug_aranges
                0x0000000000000a38       0x28 ./Middlewares/Third_Party/FatFs/src/option/ccsbcs.o

.debug_ranges   0x0000000000000000      0x938
 .debug_ranges  0x0000000000000000       0x98 ./Core/Src/fatfs_sd.o
 .debug_ranges  0x0000000000000098       0x40 ./Core/Src/main.o
 .debug_ranges  0x00000000000000d8       0x98 ./Core/Src/st7735.o
 .debug_ranges  0x0000000000000170       0x20 ./Core/Src/stm32f1xx_hal_msp.o
 .debug_ranges  0x0000000000000190       0x50 ./Core/Src/stm32f1xx_it.o
 .debug_ranges  0x00000000000001e0       0x10 ./Core/Src/sysmem.o
 .debug_ranges  0x00000000000001f0       0x18 ./Core/Src/system_stm32f1xx.o
 .debug_ranges  0x0000000000000208       0x20 ./Core/Startup/startup_stm32f103c8tx.o
 .debug_ranges  0x0000000000000228       0xd0 ./Drivers/STM32F1xx_HAL_Driver/Src/stm32f1xx_hal.o
 .debug_ranges  0x00000000000002f8       0xf0 ./Drivers/STM32F1xx_HAL_Driver/Src/stm32f1xx_hal_cortex.o
 .debug_ranges  0x00000000000003e8       0x48 ./Drivers/STM32F1xx_HAL_Driver/Src/stm32f1xx_hal_gpio.o
 .debug_ranges  0x0000000000000430       0x80 ./Drivers/STM32F1xx_HAL_Driver/Src/stm32f1xx_hal_rcc.o
 .debug_ranges  0x00000000000004b0      0x1c0 ./Drivers/STM32F1xx_HAL_Driver/Src/stm32f1xx_hal_spi.o
 .debug_ranges  0x0000000000000670       0x18 ./FATFS/App/fatfs.o
 .debug_ranges  0x0000000000000688       0x30 ./FATFS/Target/user_diskio.o
 .debug_ranges  0x00000000000006b8       0x38 ./Middlewares/Third_Party/FatFs/src/diskio.o
 .debug_ranges  0x00000000000006f0      0x200 ./Middlewares/Third_Party/FatFs/src/ff.o
 .debug_ranges  0x00000000000008f0       0x30 ./Middlewares/Third_Party/FatFs/src/ff_gen_drv.o
 .debug_ranges  0x0000000000000920       0x18 ./Middlewares/Third_Party/FatFs/src/option/ccsbcs.o

.debug_macro    0x0000000000000000     0x2e12
 .debug_macro   0x0000000000000000      0x1c7 ./Core/Src/fatfs_sd.o
 .debug_macro   0x00000000000001c7       0x16 ./Core/Src/fatfs_sd.o
 .debug_macro   0x00000000000001dd       0x7c ./Core/Src/fatfs_sd.o
 .debug_macro   0x0000000000000259       0xa0 ./Core/Src/fatfs_sd.o
 .debug_macro   0x00000000000002f9      0x325 ./Core/Src/main.o
 .debug_macro   0x000000000000061e       0x34 ./Core/Src/main.o
 .debug_macro   0x0000000000000652       0xde ./Core/Src/main.o
 .debug_macro   0x0000000000000730       0xf5 ./Core/Src/main.o
 .debug_macro   0x0000000000000825       0x8e ./Core/Src/main.o
 .debug_macro   0x00000000000008b3       0x10 ./Core/Src/main.o
 .debug_macro   0x00000000000008c3       0x20 ./Core/Src/main.o
 .debug_macro   0x00000000000008e3      0x1c5 ./Core/Src/main.o
 .debug_macro   0x0000000000000aa8      0x2b5 ./Core/Src/st7735.o
 .debug_macro   0x0000000000000d5d       0x3c ./Core/Src/st7735.o
 .debug_macro   0x0000000000000d99       0x3a ./Core/Src/st7735.o
 .debug_macro   0x0000000000000dd3      0x19d ./Core/Src/stm32f1xx_hal_msp.o
 .debug_macro   0x0000000000000f70      0x1a7 ./Core/Src/stm32f1xx_it.o
 .debug_macro   0x0000000000001117       0xff ./Core/Src/sysmem.o
 .debug_macro   0x0000000000001216      0x23b ./Core/Src/sysmem.o
 .debug_macro   0x0000000000001451      0x18e ./Core/Src/system_stm32f1xx.o
 .debug_macro   0x00000000000015df      0x1b2 ./Drivers/STM32F1xx_HAL_Driver/Src/stm32f1xx_hal.o
 .debug_macro   0x0000000000001791      0x18e ./Drivers/STM32F1xx_HAL_Driver/Src/stm32f1xx_hal_cortex.o
 .debug_macro   0x000000000000191f      0x1f9 ./Drivers/STM32F1xx_HAL_Driver/Src/stm32f1xx_hal_gpio.o
 .debug_macro   0x0000000000001b18      0x1a0 ./Drivers/STM32F1xx_HAL_Driver/Src/stm32f1xx_hal_rcc.o
 .debug_macro   0x0000000000001cb8      0x196 ./Drivers/STM32F1xx_HAL_Driver/Src/stm32f1xx_hal_spi.o
 .debug_macro   0x0000000000001e4e      0x1f0 ./FATFS/App/fatfs.o
 .debug_macro   0x000000000000203e       0xd8 ./FATFS/App/fatfs.o
 .debug_macro   0x0000000000002116      0x2a5 ./FATFS/Target/user_diskio.o
 .debug_macro   0x00000000000023bb       0x56 ./FATFS/Target/user_diskio.o
 .debug_macro   0x0000000000002411      0x1dd ./Middlewares/Third_Party/FatFs/src/diskio.o
 .debug_macro   0x00000000000025ee      0x424 ./Middlewares/Third_Party/FatFs/src/ff.o
 .debug_macro   0x0000000000002a12       0x58 ./Middlewares/Third_Party/FatFs/src/ff.o
 .debug_macro   0x0000000000002a6a      0x1dd ./Middlewares/Third_Party/FatFs/src/ff_gen_drv.o
 .debug_macro   0x0000000000002c47      0x1cb ./Middlewares/Third_Party/FatFs/src/option/ccsbcs.o

.debug_line     0x0000000000000000     0xe03c
 .debug_line    0x0000000000000000      0xd5d ./Core/Src/fatfs_sd.o
 .debug_line    0x0000000000000d5d      0xa9a ./Core/Src/main.o
 .debug_line    0x00000000000017f7      0xbf8 ./Core/Src/st7735.o
 .debug_line    0x00000000000023ef      0x6c9 ./Core/Src/stm32f1xx_hal_msp.o
 .debug_line    0x0000000000002ab8      0x71c ./Core/Src/stm32f1xx_it.o
 .debug_line    0x00000000000031d4      0x4f4 ./Core/Src/sysmem.o
 .debug_line    0x00000000000036c8      0x6c6 ./Core/Src/system_stm32f1xx.o
 .debug_line    0x0000000000003d8e       0x86 ./Core/Startup/startup_stm32f103c8tx.o
 .debug_line    0x0000000000003e14      0x8f3 ./Drivers/STM32F1xx_HAL_Driver/Src/stm32f1xx_hal.o
 .debug_line    0x0000000000004707      0xadb ./Drivers/STM32F1xx_HAL_Driver/Src/stm32f1xx_hal_cortex.o
 .debug_line    0x00000000000051e2      0x98c ./Drivers/STM32F1xx_HAL_Driver/Src/stm32f1xx_hal_gpio.o
 .debug_line    0x0000000000005b6e      0xcff ./Drivers/STM32F1xx_HAL_Driver/Src/stm32f1xx_hal_rcc.o
 .debug_line    0x000000000000686d     0x1b74 ./Drivers/STM32F1xx_HAL_Driver/Src/stm32f1xx_hal_spi.o
 .debug_line    0x00000000000083e1      0x6e3 ./FATFS/App/fatfs.o
 .debug_line    0x0000000000008ac4      0x866 ./FATFS/Target/user_diskio.o
 .debug_line    0x000000000000932a      0x754 ./Middlewares/Third_Party/FatFs/src/diskio.o
 .debug_line    0x0000000000009a7e     0x36f8 ./Middlewares/Third_Party/FatFs/src/ff.o
 .debug_line    0x000000000000d176      0x771 ./Middlewares/Third_Party/FatFs/src/ff_gen_drv.o
 .debug_line    0x000000000000d8e7      0x755 ./Middlewares/Third_Party/FatFs/src/option/ccsbcs.o

.debug_str      0x0000000000000000    0x82f73
 .debug_str     0x0000000000000000    0x7c4b1 ./Core/Src/fatfs_sd.o
                                      0x7c870 (size before relaxing)
 .debug_str     0x000000000007c4b1     0x3fd9 ./Core/Src/main.o
                                      0x80692 (size before relaxing)
 .debug_str     0x000000000008048a      0x248 ./Core/Src/st7735.o
                                      0x7fa61 (size before relaxing)
 .debug_str     0x00000000000806d2       0x91 ./Core/Src/stm32f1xx_hal_msp.o
                                      0x7c4c5 (size before relaxing)
 .debug_str     0x0000000000080763       0xc9 ./Core/Src/stm32f1xx_it.o
                                      0x7c0a1 (size before relaxing)
 .debug_str     0x000000000008082c      0x4da ./Core/Src/sysmem.o
                                       0x5d53 (size before relaxing)
 .debug_str     0x0000000000080d06       0x7e ./Core/Src/system_stm32f1xx.o
                                      0x7bfcb (size before relaxing)
 .debug_str     0x0000000000080d84       0x36 ./Core/Startup/startup_stm32f103c8tx.o
                                         0x55 (size before relaxing)
 .debug_str     0x0000000000080dba      0x5fd ./Drivers/STM32F1xx_HAL_Driver/Src/stm32f1xx_hal.o
                                      0x7c6fe (size before relaxing)
 .debug_str     0x00000000000813b7      0x2bb ./Drivers/STM32F1xx_HAL_Driver/Src/stm32f1xx_hal_cortex.o
                                      0x7c64a (size before relaxing)
 .debug_str     0x0000000000081672      0x2e6 ./Drivers/STM32F1xx_HAL_Driver/Src/stm32f1xx_hal_gpio.o
                                      0x7c351 (size before relaxing)
 .debug_str     0x0000000000081958      0x229 ./Drivers/STM32F1xx_HAL_Driver/Src/stm32f1xx_hal_rcc.o
                                      0x7c3fa (size before relaxing)
 .debug_str     0x0000000000081b81      0x543 ./Drivers/STM32F1xx_HAL_Driver/Src/stm32f1xx_hal_spi.o
                                      0x7c8f7 (size before relaxing)
 .debug_str     0x00000000000820c4       0x74 ./FATFS/App/fatfs.o
                                      0x7c928 (size before relaxing)
 .debug_str     0x0000000000082138       0x5a ./FATFS/Target/user_diskio.o
                                      0x7f6a8 (size before relaxing)
 .debug_str     0x0000000000082192       0x52 ./Middlewares/Third_Party/FatFs/src/diskio.o
                                      0x7c84e (size before relaxing)
 .debug_str     0x00000000000821e4      0xcab ./Middlewares/Third_Party/FatFs/src/ff.o
                                      0x7d70c (size before relaxing)
 .debug_str     0x0000000000082e8f       0x91 ./Middlewares/Third_Party/FatFs/src/ff_gen_drv.o
                                      0x7c89f (size before relaxing)
 .debug_str     0x0000000000082f20       0x53 ./Middlewares/Third_Party/FatFs/src/option/ccsbcs.o
                                      0x7c62d (size before relaxing)

.comment        0x0000000000000000       0x50
 .comment       0x0000000000000000       0x50 ./Core/Src/fatfs_sd.o
                                         0x51 (size before relaxing)
 .comment       0x0000000000000050       0x51 ./Core/Src/main.o
 .comment       0x0000000000000050       0x51 ./Core/Src/st7735.o
 .comment       0x0000000000000050       0x51 ./Core/Src/stm32f1xx_hal_msp.o
 .comment       0x0000000000000050       0x51 ./Core/Src/stm32f1xx_it.o
 .comment       0x0000000000000050       0x51 ./Core/Src/sysmem.o
 .comment       0x0000000000000050       0x51 ./Core/Src/system_stm32f1xx.o
 .comment       0x0000000000000050       0x51 ./Drivers/STM32F1xx_HAL_Driver/Src/stm32f1xx_hal.o
 .comment       0x0000000000000050       0x51 ./Drivers/STM32F1xx_HAL_Driver/Src/stm32f1xx_hal_cortex.o
 .comment       0x0000000000000050       0x51 ./Drivers/STM32F1xx_HAL_Driver/Src/stm32f1xx_hal_gpio.o
 .comment       0x0000000000000050       0x51 ./Drivers/STM32F1xx_HAL_Driver/Src/stm32f1xx_hal_rcc.o
 .comment       0x0000000000000050       0x51 ./Drivers/STM32F1xx_HAL_Driver/Src/stm32f1xx_hal_spi.o
 .comment       0x0000000000000050       0x51 ./FATFS/App/fatfs.o
 .comment       0x0000000000000050       0x51 ./FATFS/Target/user_diskio.o
 .comment       0x0000000000000050       0x51 ./Middlewares/Third_Party/FatFs/src/diskio.o
 .comment       0x0000000000000050       0x51 ./Middlewares/Third_Party/FatFs/src/ff.o
 .comment       0x0000000000000050       0x51 ./Middlewares/Third_Party/FatFs/src/ff_gen_drv.o
 .comment       0x0000000000000050       0x51 ./Middlewares/Third_Party/FatFs/src/option/ccsbcs.o

.debug_frame    0x0000000000000000     0x2a30
 .debug_frame   0x0000000000000000      0x28c ./Core/Src/fatfs_sd.o
 .debug_frame   0x000000000000028c       0xec ./Core/Src/main.o
 .debug_frame   0x0000000000000378      0x2a4 ./Core/Src/st7735.o
 .debug_frame   0x000000000000061c       0x80 ./Core/Src/stm32f1xx_hal_msp.o
 .debug_frame   0x000000000000069c      0x104 ./Core/Src/stm32f1xx_it.o
 .debug_frame   0x00000000000007a0       0x34 ./Core/Src/sysmem.o
 .debug_frame   0x00000000000007d4       0x58 ./Core/Src/system_stm32f1xx.o
 .debug_frame   0x000000000000082c      0x334 ./Drivers/STM32F1xx_HAL_Driver/Src/stm32f1xx_hal.o
 .debug_frame   0x0000000000000b60      0x428 ./Drivers/STM32F1xx_HAL_Driver/Src/stm32f1xx_hal_cortex.o
 .debug_frame   0x0000000000000f88      0x14c ./Drivers/STM32F1xx_HAL_Driver/Src/stm32f1xx_hal_gpio.o
 .debug_frame   0x00000000000010d4      0x218 ./Drivers/STM32F1xx_HAL_Driver/Src/stm32f1xx_hal_rcc.o
 .debug_frame   0x00000000000012ec      0x824 ./Drivers/STM32F1xx_HAL_Driver/Src/stm32f1xx_hal_spi.o
 .debug_frame   0x0000000000001b10       0x4c ./FATFS/App/fatfs.o
 .debug_frame   0x0000000000001b5c       0xc4 ./FATFS/Target/user_diskio.o
 .debug_frame   0x0000000000001c20       0xec ./Middlewares/Third_Party/FatFs/src/diskio.o
 .debug_frame   0x0000000000001d0c      0x9ac ./Middlewares/Third_Party/FatFs/src/ff.o
 .debug_frame   0x00000000000026b8       0xc8 ./Middlewares/Third_Party/FatFs/src/ff_gen_drv.o
 .debug_frame   0x0000000000002780       0x60 ./Middlewares/Third_Party/FatFs/src/option/ccsbcs.o
 .debug_frame   0x00000000000027e0       0x20 c:/st/stm32cubeide_1.12.1/stm32cubeide/plugins/com.st.stm32cube.ide.mcu.externaltools.gnu-tools-for-stm32.10.3-2021.10.win32_1.0.200.202301161003/tools/bin/../lib/gcc/arm-none-eabi/10.3.1/../../../../arm-none-eabi/lib/thumb/v7-m/nofp\libc_nano.a(lib_a-errno.o)
 .debug_frame   0x0000000000002800       0x2c c:/st/stm32cubeide_1.12.1/stm32cubeide/plugins/com.st.stm32cube.ide.mcu.externaltools.gnu-tools-for-stm32.10.3-2021.10.win32_1.0.200.202301161003/tools/bin/../lib/gcc/arm-none-eabi/10.3.1/../../../../arm-none-eabi/lib/thumb/v7-m/nofp\libc_nano.a(lib_a-init.o)
 .debug_frame   0x000000000000282c       0x30 c:/st/stm32cubeide_1.12.1/stm32cubeide/plugins/com.st.stm32cube.ide.mcu.externaltools.gnu-tools-for-stm32.10.3-2021.10.win32_1.0.200.202301161003/tools/bin/../lib/gcc/arm-none-eabi/10.3.1/../../../../arm-none-eabi/lib/thumb/v7-m/nofp\libc_nano.a(lib_a-malloc.o)
 .debug_frame   0x000000000000285c       0x20 c:/st/stm32cubeide_1.12.1/stm32cubeide/plugins/com.st.stm32cube.ide.mcu.externaltools.gnu-tools-for-stm32.10.3-2021.10.win32_1.0.200.202301161003/tools/bin/../lib/gcc/arm-none-eabi/10.3.1/../../../../arm-none-eabi/lib/thumb/v7-m/nofp\libc_nano.a(lib_a-memset.o)
 .debug_frame   0x000000000000287c       0x4c c:/st/stm32cubeide_1.12.1/stm32cubeide/plugins/com.st.stm32cube.ide.mcu.externaltools.gnu-tools-for-stm32.10.3-2021.10.win32_1.0.200.202301161003/tools/bin/../lib/gcc/arm-none-eabi/10.3.1/../../../../arm-none-eabi/lib/thumb/v7-m/nofp\libc_nano.a(lib_a-nano-mallocr.o)
 .debug_frame   0x00000000000028c8       0x2c c:/st/stm32cubeide_1.12.1/stm32cubeide/plugins/com.st.stm32cube.ide.mcu.externaltools.gnu-tools-for-stm32.10.3-2021.10.win32_1.0.200.202301161003/tools/bin/../lib/gcc/arm-none-eabi/10.3.1/../../../../arm-none-eabi/lib/thumb/v7-m/nofp\libc_nano.a(lib_a-sbrkr.o)
 .debug_frame   0x00000000000028f4       0x30 c:/st/stm32cubeide_1.12.1/stm32cubeide/plugins/com.st.stm32cube.ide.mcu.externaltools.gnu-tools-for-stm32.10.3-2021.10.win32_1.0.200.202301161003/tools/bin/../lib/gcc/arm-none-eabi/10.3.1/../../../../arm-none-eabi/lib/thumb/v7-m/nofp\libc_nano.a(lib_a-mlock.o)
 .debug_frame   0x0000000000002924       0x5c c:/st/stm32cubeide_1.12.1/stm32cubeide/plugins/com.st.stm32cube.ide.mcu.externaltools.gnu-tools-for-stm32.10.3-2021.10.win32_1.0.200.202301161003/tools/bin/../lib/gcc/arm-none-eabi/10.3.1/../../../../arm-none-eabi/lib/thumb/v7-m/nofp\libc_nano.a(lib_a-reent.o)
 .debug_frame   0x0000000000002980       0xb0 c:/st/stm32cubeide_1.12.1/stm32cubeide/plugins/com.st.stm32cube.ide.mcu.externaltools.gnu-tools-for-stm32.10.3-2021.10.win32_1.0.200.202301161003/tools/bin/../lib/gcc/arm-none-eabi/10.3.1/../../../../arm-none-eabi/lib/thumb/v7-m/nofp\libc_nano.a(lib_a-lock.o)
